clock: resolution 1 ns, now() mean 15.8 ns, max 10964 ns, monotonic true
pin: cpu list 0 2 4 6 8 10 12 14 16 18 20 1 3 5 7 9 11 13 15 17 19 21
cpu_int  t=8   warmup=1        5743060052 ops/s  45.46 ms  spread=13704.6us  pinviol=0 cpus=[0 2 4 6 8 10 12 14]
cpu_int  t=8   warmup=2        7046299597 ops/s  38.10 ms  spread=7885.5us  pinviol=0 cpus=[0 2 4 6 8 10 12 14]
cpu_int  t=8   warmup=3        7962284377 ops/s  35.69 ms  spread=12950.0us  pinviol=0 cpus=[0 2 4 6 8 10 12 14]
cpu_int  t=8   warmup=4        4341864683 ops/s  43.47 ms  spread=13641.9us  pinviol=0 cpus=[0 2 4 6 8 10 12 14]
cpu_int  t=8   warmup=5        8369041228 ops/s  45.23 ms  spread=13011.7us  pinviol=0 cpus=[0 2 4 6 8 10 12 14]
cpu_int  t=8   warmup=6        9536713419 ops/s  38.48 ms  spread=6540.4us  pinviol=0 cpus=[0 2 4 6 8 10 12 14]
cpu_int  t=8   warmup=7       18619366869 ops/s  26.98 ms  spread=6966.0us  pinviol=0 cpus=[0 2 4 6 8 10 12 14]
cpu_int  t=8   warmup=8       17731855315 ops/s  30.28 ms  spread=9920.7us  pinviol=0 cpus=[0 2 4 6 8 10 12 14]
cpu_int  t=8   warmup=9       19626604086 ops/s  27.41 ms  spread=268.9us  pinviol=0 cpus=[0 2 4 6 8 10 12 14]
cpu_int  t=8   warmup=10      12824483871 ops/s  41.13 ms  spread=9119.3us  pinviol=0 cpus=[0 2 4 6 8 10 12 14]
cpu_int  t=8   warmup=11      16925105800 ops/s  31.91 ms  spread=8727.5us  pinviol=0 cpus=[0 2 4 6 8 10 12 14]
cpu_int  t=8   warmup=12      28224956900 ops/s  20.25 ms  spread=8.7us  pinviol=0 cpus=[0 2 4 6 8 10 12 14]
cpu_int  t=8   trial =0       27215966950 ops/s  20.30 ms  spread=74.8us  pinviol=0 cpus=[0 2 4 6 8 10 12 14]
cpu_int  t=8   trial =1       23626439205 ops/s  23.26 ms  spread=61.9us  pinviol=0 cpus=[0 2 4 6 8 10 12 14]
cpu_int  t=8   trial =2       26616143192 ops/s  20.41 ms  spread=10.8us  pinviol=0 cpus=[0 2 4 6 8 10 12 14]
cpu_int  t=8   trial =3       28060815869 ops/s  20.33 ms  spread=94.5us  pinviol=0 cpus=[0 2 4 6 8 10 12 14]
cpu_int  t=8   trial =4       28203733869 ops/s  20.34 ms  spread=11.1us  pinviol=0 cpus=[0 2 4 6 8 10 12 14]
cpu_int  t=8   trial =5       27824655879 ops/s  20.46 ms  spread=265.4us  pinviol=0 cpus=[0 2 4 6 8 10 12 14]
cpu_int  t=8   trial =6       28370522001 ops/s  20.18 ms  spread=32.3us  pinviol=0 cpus=[0 2 4 6 8 10 12 14]
cpu_int  t=8   trial =7       27019660656 ops/s  20.34 ms  spread=10.6us  pinviol=0 cpus=[0 2 4 6 8 10 12 14]
cpu_int  t=8   trial =8       26881565228 ops/s  20.24 ms  spread=24.6us  pinviol=0 cpus=[0 2 4 6 8 10 12 14]
cpu_int  t=8   trial =9       26548162105 ops/s  20.38 ms  spread=119.8us  pinviol=0 cpus=[0 2 4 6 8 10 12 14]
